MPLINK 4.31, Linker
Linker Map File - Created Fri Nov 23 02:45:13 2018

                                 Section Info
                  Section       Type    Address   Location Size(Bytes)
                ---------  ---------  ---------  ---------  ---------
                   .org_0       code   0x000000    program   0x000000
                   .org_1       code   0x000000    program   0x000002
                   .org_2       code   0x000004    program   0x000108
         .config_2007_1.O       code   0x002007    program   0x000002



                              Program Memory Usage 
                               Start         End      
                           ---------   ---------      
                            0x000000    0x000000      
                            0x000004    0x000087      
                            0x002007    0x002007      
            134 out of 2183 program addresses used, program memory utilization is 6%



                              Symbols - Sorted by Name
                     Name    Address   Location    Storage File                     
                ---------  ---------  ---------  --------- ---------                
                  BOTONES   0x000044    program     static F:\Tp de Arquitectura\1\1.asm
                    CONFI   0x00002c    program     static F:\Tp de Arquitectura\1\1.asm
                DEMORA_AR   0x000050    program     static F:\Tp de Arquitectura\1\1.asm
                  FIN_T0I   0x000026    program     static F:\Tp de Arquitectura\1\1.asm
                   INICIO   0x000000    program     static F:\Tp de Arquitectura\1\1.asm
                  LOOP_AR   0x000052    program     static F:\Tp de Arquitectura\1\1.asm
                LOOP_AR_2   0x000054    program     static F:\Tp de Arquitectura\1\1.asm
               MOSTRAR_D2   0x000015    program     static F:\Tp de Arquitectura\1\1.asm
               MOSTRAR_D3   0x00001b    program     static F:\Tp de Arquitectura\1\1.asm
               MOSTRAR_D4   0x000021    program     static F:\Tp de Arquitectura\1\1.asm
                   RESTAR   0x000067    program     static F:\Tp de Arquitectura\1\1.asm
                 SALTEO_R   0x000076    program     static F:\Tp de Arquitectura\1\1.asm
                 SALTEO_S   0x000066    program     static F:\Tp de Arquitectura\1\1.asm
                    SUMAR   0x000059    program     static F:\Tp de Arquitectura\1\1.asm
              TAB_DISPLAY   0x000077    program     static F:\Tp de Arquitectura\1\1.asm



                              Symbols - Sorted by Address
                     Name    Address   Location    Storage File                     
                ---------  ---------  ---------  --------- ---------                
                   INICIO   0x000000    program     static F:\Tp de Arquitectura\1\1.asm
               MOSTRAR_D2   0x000015    program     static F:\Tp de Arquitectura\1\1.asm
               MOSTRAR_D3   0x00001b    program     static F:\Tp de Arquitectura\1\1.asm
               MOSTRAR_D4   0x000021    program     static F:\Tp de Arquitectura\1\1.asm
                  FIN_T0I   0x000026    program     static F:\Tp de Arquitectura\1\1.asm
                    CONFI   0x00002c    program     static F:\Tp de Arquitectura\1\1.asm
                  BOTONES   0x000044    program     static F:\Tp de Arquitectura\1\1.asm
                DEMORA_AR   0x000050    program     static F:\Tp de Arquitectura\1\1.asm
                  LOOP_AR   0x000052    program     static F:\Tp de Arquitectura\1\1.asm
                LOOP_AR_2   0x000054    program     static F:\Tp de Arquitectura\1\1.asm
                    SUMAR   0x000059    program     static F:\Tp de Arquitectura\1\1.asm
                 SALTEO_S   0x000066    program     static F:\Tp de Arquitectura\1\1.asm
                   RESTAR   0x000067    program     static F:\Tp de Arquitectura\1\1.asm
                 SALTEO_R   0x000076    program     static F:\Tp de Arquitectura\1\1.asm
              TAB_DISPLAY   0x000077    program     static F:\Tp de Arquitectura\1\1.asm


