MPLINK 4.31, Linker
Linker Map File - Created Fri Nov 16 04:39:43 2018

                                 Section Info
                  Section       Type    Address   Location Size(Bytes)
                ---------  ---------  ---------  ---------  ---------
                   .org_0       code   0x000000    program   0x000000
                   .org_1       code   0x000000    program   0x000002
                   .org_2       code   0x000004    program   0x000168
.config_2007_TINKYWINKY.O       code   0x002007    program   0x000002



                              Program Memory Usage 
                               Start         End      
                           ---------   ---------      
                            0x000000    0x000000      
                            0x000004    0x0000b7      
                            0x002007    0x002007      
            182 out of 2183 program addresses used, program memory utilization is 8%



                              Symbols - Sorted by Name
                     Name    Address   Location    Storage File                     
                ---------  ---------  ---------  --------- ---------                
                  BOTONES   0x000043    program     static C:\Users\tati\Desktop\Tp de arquitectura\Ejemplos\TinkyWinky.asm
                  CAMBIAR   0x00005d    program     static C:\Users\tati\Desktop\Tp de arquitectura\Ejemplos\TinkyWinky.asm
                    CONFI   0x00002c    program     static C:\Users\tati\Desktop\Tp de arquitectura\Ejemplos\TinkyWinky.asm
                DEMORA_AR   0x000054    program     static C:\Users\tati\Desktop\Tp de arquitectura\Ejemplos\TinkyWinky.asm
                  FIN_T0I   0x000026    program     static C:\Users\tati\Desktop\Tp de arquitectura\Ejemplos\TinkyWinky.asm
                   INICIO   0x000000    program     static C:\Users\tati\Desktop\Tp de arquitectura\Ejemplos\TinkyWinky.asm
                  LOOP_AR   0x000056    program     static C:\Users\tati\Desktop\Tp de arquitectura\Ejemplos\TinkyWinky.asm
                LOOP_AR_2   0x000058    program     static C:\Users\tati\Desktop\Tp de arquitectura\Ejemplos\TinkyWinky.asm
               MOSTRAR_D2   0x000015    program     static C:\Users\tati\Desktop\Tp de arquitectura\Ejemplos\TinkyWinky.asm
               MOSTRAR_D3   0x00001b    program     static C:\Users\tati\Desktop\Tp de arquitectura\Ejemplos\TinkyWinky.asm
               MOSTRAR_D4   0x000021    program     static C:\Users\tati\Desktop\Tp de arquitectura\Ejemplos\TinkyWinky.asm
                 NEGATIVO   0x000084    program     static C:\Users\tati\Desktop\Tp de arquitectura\Ejemplos\TinkyWinky.asm
                   RESTAR   0x000095    program     static C:\Users\tati\Desktop\Tp de arquitectura\Ejemplos\TinkyWinky.asm
                RESTA_GEN   0x000076    program     static C:\Users\tati\Desktop\Tp de arquitectura\Ejemplos\TinkyWinky.asm
                 SALTEO_R   0x0000a4    program     static C:\Users\tati\Desktop\Tp de arquitectura\Ejemplos\TinkyWinky.asm
                 SALTEO_S   0x000094    program     static C:\Users\tati\Desktop\Tp de arquitectura\Ejemplos\TinkyWinky.asm
                    SUMAR   0x000087    program     static C:\Users\tati\Desktop\Tp de arquitectura\Ejemplos\TinkyWinky.asm
              TAB_DISPLAY   0x0000a5    program     static C:\Users\tati\Desktop\Tp de arquitectura\Ejemplos\TinkyWinky.asm
          TAB_DISPLAY_NEG   0x0000b6    program     static C:\Users\tati\Desktop\Tp de arquitectura\Ejemplos\TinkyWinky.asm



                              Symbols - Sorted by Address
                     Name    Address   Location    Storage File                     
                ---------  ---------  ---------  --------- ---------                
                   INICIO   0x000000    program     static C:\Users\tati\Desktop\Tp de arquitectura\Ejemplos\TinkyWinky.asm
               MOSTRAR_D2   0x000015    program     static C:\Users\tati\Desktop\Tp de arquitectura\Ejemplos\TinkyWinky.asm
               MOSTRAR_D3   0x00001b    program     static C:\Users\tati\Desktop\Tp de arquitectura\Ejemplos\TinkyWinky.asm
               MOSTRAR_D4   0x000021    program     static C:\Users\tati\Desktop\Tp de arquitectura\Ejemplos\TinkyWinky.asm
                  FIN_T0I   0x000026    program     static C:\Users\tati\Desktop\Tp de arquitectura\Ejemplos\TinkyWinky.asm
                    CONFI   0x00002c    program     static C:\Users\tati\Desktop\Tp de arquitectura\Ejemplos\TinkyWinky.asm
                  BOTONES   0x000043    program     static C:\Users\tati\Desktop\Tp de arquitectura\Ejemplos\TinkyWinky.asm
                DEMORA_AR   0x000054    program     static C:\Users\tati\Desktop\Tp de arquitectura\Ejemplos\TinkyWinky.asm
                  LOOP_AR   0x000056    program     static C:\Users\tati\Desktop\Tp de arquitectura\Ejemplos\TinkyWinky.asm
                LOOP_AR_2   0x000058    program     static C:\Users\tati\Desktop\Tp de arquitectura\Ejemplos\TinkyWinky.asm
                  CAMBIAR   0x00005d    program     static C:\Users\tati\Desktop\Tp de arquitectura\Ejemplos\TinkyWinky.asm
                RESTA_GEN   0x000076    program     static C:\Users\tati\Desktop\Tp de arquitectura\Ejemplos\TinkyWinky.asm
                 NEGATIVO   0x000084    program     static C:\Users\tati\Desktop\Tp de arquitectura\Ejemplos\TinkyWinky.asm
                    SUMAR   0x000087    program     static C:\Users\tati\Desktop\Tp de arquitectura\Ejemplos\TinkyWinky.asm
                 SALTEO_S   0x000094    program     static C:\Users\tati\Desktop\Tp de arquitectura\Ejemplos\TinkyWinky.asm
                   RESTAR   0x000095    program     static C:\Users\tati\Desktop\Tp de arquitectura\Ejemplos\TinkyWinky.asm
                 SALTEO_R   0x0000a4    program     static C:\Users\tati\Desktop\Tp de arquitectura\Ejemplos\TinkyWinky.asm
              TAB_DISPLAY   0x0000a5    program     static C:\Users\tati\Desktop\Tp de arquitectura\Ejemplos\TinkyWinky.asm
          TAB_DISPLAY_NEG   0x0000b6    program     static C:\Users\tati\Desktop\Tp de arquitectura\Ejemplos\TinkyWinky.asm


